Please enter digits only
0
0, 1, 1, 2, 3
You have reached computational infinity. Do not request above 1500 numbers
